MPU6050.cpp:10:1:MPU6050::MPU6050()	16	static
MPU6050.cpp:14:1:MPU6050::MPU6050(I2C_HandleTypeDef*)	16	static
MPU6050.cpp:21:5:int MPU6050::isDetected()	24	static
MPU6050.cpp:45:6:int MPU6050::setSampleRateDiv(uint8_t)	24	static
MPU6050.cpp:54:5:int MPU6050::setExtFrameSync(uint8_t)	24	static
MPU6050.cpp:79:5:int MPU6050::setLowPassFilter(uint8_t)	24	static
MPU6050.cpp:104:5:int MPU6050::setGyroscopeConfig(uint8_t)	24	static
MPU6050.cpp:124:5:int MPU6050::selfTestXGAxis()	24	static
MPU6050.cpp:154:5:int MPU6050::selfTestYGAxis()	24	static
MPU6050.cpp:184:5:int MPU6050::selfTestZGAxis()	24	static
MPU6050.cpp:214:5:int MPU6050::setGyroscopeScale(uint8_t)	24	static
MPU6050.cpp:245:5:int MPU6050::setAccelerometerConfig(uint8_t)	24	static
MPU6050.cpp:266:5:int MPU6050::selfTestXAAxis()	24	static
MPU6050.cpp:296:5:int MPU6050::selfTestYAAxis()	24	static
MPU6050.cpp:326:5:int MPU6050::selfTestZAAxis()	24	static
MPU6050.cpp:356:5:int MPU6050::setAccelerometerScale(uint8_t)	24	static
MPU6050.cpp:388:6:int MPU6050::writeFifoReg(uint8_t)	24	static
MPU6050.cpp:413:5:int MPU6050::enableTemperatureFifo()	24	static
MPU6050.cpp:444:5:int MPU6050::enableXGyroscopeFifo()	24	static
MPU6050.cpp:474:5:int MPU6050::enableYGyroscopeFifo()	24	static
MPU6050.cpp:503:5:int MPU6050::enableZGyroscopeFifo()	24	static
MPU6050.cpp:563:9:int16_t MPU6050::getAccelX()	24	static
MPU6050.cpp:579:9:int16_t MPU6050::getAccelY()	24	static
MPU6050.cpp:595:9:int16_t MPU6050::getAccelZ()	24	static
MPU6050.cpp:611:7:float MPU6050::getTemperature()	32	static
MPU6050.cpp:629:9:int16_t MPU6050::getGyroX()	24	static
MPU6050.cpp:645:9:int16_t MPU6050::getGyroY()	24	static
MPU6050.cpp:661:9:int16_t MPU6050::getGyroZ()	24	static
MPU6050.cpp:713:5:int MPU6050::resetGyroscopeADC()	24	static
MPU6050.cpp:724:5:int MPU6050::resetAccelerometerADC()	24	static
MPU6050.cpp:735:5:int MPU6050::resetTemperatureADC()	24	static
MPU6050.cpp:746:5:int MPU6050::enableFIFO()	24	static
MPU6050.cpp:781:5:int MPU6050::resetFIFO()	24	static
MPU6050.cpp:814:5:int MPU6050::resetDevice()	24	static
MPU6050.cpp:828:5:int MPU6050::goSleep()	24	static
MPU6050.cpp:842:5:int MPU6050::disableTempSensor()	24	static
MPU6050.cpp:856:5:int MPU6050::enableTempSensor()	24	static
MPU6050.cpp:870:5:int MPU6050::powerOn()	24	static
MPU6050.cpp:884:5:int MPU6050::setClockSource(uint8_t)	24	static
MPU6050.cpp:906:5:int MPU6050::getFIFOCount()	24	static
MPU6050.cpp:939:19:HAL_StatusTypeDef MPU6050::writeSingleByte(uint8_t, uint8_t)	32	static
MPU6050.cpp:953:19:HAL_StatusTypeDef MPU6050::readSingleByte(uint8_t*, uint8_t)	40	static
