MPU6050.cpp:10:1:MPU6050::MPU6050()	16	static
MPU6050.cpp:14:1:MPU6050::MPU6050(I2C_HandleTypeDef*)	16	static
MPU6050.cpp:24:5:int MPU6050::isDetected()	24	static
MPU6050.cpp:48:6:int MPU6050::setSampleRateDiv(uint8_t)	24	static
MPU6050.cpp:57:5:int MPU6050::setExtFrameSync(uint8_t)	24	static
MPU6050.cpp:82:5:int MPU6050::setLowPassFilter(uint8_t)	24	static
MPU6050.cpp:107:5:int MPU6050::setGyroscopeConfig(uint8_t)	24	static
MPU6050.cpp:127:5:int MPU6050::selfTestXGAxis()	24	static
MPU6050.cpp:157:5:int MPU6050::selfTestYGAxis()	24	static
MPU6050.cpp:187:5:int MPU6050::selfTestZGAxis()	24	static
MPU6050.cpp:217:5:int MPU6050::setGyroscopeScale(uint8_t)	24	static
MPU6050.cpp:248:5:int MPU6050::setAccelerometerConfig(uint8_t)	24	static
MPU6050.cpp:269:5:int MPU6050::selfTestXAAxis()	24	static
MPU6050.cpp:299:5:int MPU6050::selfTestYAAxis()	24	static
MPU6050.cpp:329:5:int MPU6050::selfTestZAAxis()	24	static
MPU6050.cpp:359:5:int MPU6050::setAccelerometerScale(uint8_t)	24	static
MPU6050.cpp:391:6:int MPU6050::writeFifoReg(uint8_t)	24	static
MPU6050.cpp:416:5:int MPU6050::enableTemperatureFifo()	24	static
MPU6050.cpp:447:5:int MPU6050::enableXGyroscopeFifo()	24	static
MPU6050.cpp:477:5:int MPU6050::enableYGyroscopeFifo()	24	static
MPU6050.cpp:506:5:int MPU6050::enableZGyroscopeFifo()	24	static
MPU6050.cpp:566:9:int16_t MPU6050::getAccelX()	24	static
MPU6050.cpp:581:9:int16_t MPU6050::getAccelY()	24	static
MPU6050.cpp:596:9:int16_t MPU6050::getAccelZ()	24	static
MPU6050.cpp:611:7:float MPU6050::getTemperature()	32	static
MPU6050.cpp:629:9:int16_t MPU6050::getGyroX()	24	static
MPU6050.cpp:644:9:int16_t MPU6050::getGyroY()	24	static
MPU6050.cpp:659:9:int16_t MPU6050::getGyroZ()	24	static
MPU6050.cpp:710:5:int MPU6050::resetGyroscopeADC()	24	static
MPU6050.cpp:721:5:int MPU6050::resetAccelerometerADC()	24	static
MPU6050.cpp:732:5:int MPU6050::resetTemperatureADC()	24	static
MPU6050.cpp:743:5:int MPU6050::enableFIFO()	24	static
MPU6050.cpp:778:5:int MPU6050::resetFIFO()	24	static
MPU6050.cpp:811:5:int MPU6050::resetDevice()	24	static
MPU6050.cpp:825:5:int MPU6050::goSleep()	24	static
MPU6050.cpp:839:5:int MPU6050::disableTempSensor()	24	static
MPU6050.cpp:853:5:int MPU6050::enableTempSensor()	24	static
MPU6050.cpp:867:5:int MPU6050::powerOn()	24	static
MPU6050.cpp:881:5:int MPU6050::setClockSource(uint8_t)	24	static
MPU6050.cpp:903:5:int MPU6050::getFIFOCount()	24	static
MPU6050.cpp:931:5:int MPU6050::calibrate()	40	static
MPU6050.cpp:956:19:HAL_StatusTypeDef MPU6050::writeSingleByte(uint8_t, uint8_t)	32	static
MPU6050.cpp:970:19:HAL_StatusTypeDef MPU6050::readSingleByte(uint8_t*, uint8_t)	40	static
